// Jest Snapshot v1, https://goo.gl/fbAQLP

exports[`should generate snapshot of ExpensesSummary component 1`] = `
<div>
  <p>
    Viewing 3 expenses totaling $1,141.95
  </p>
</div>
`;
